[2026-08-31T16:30:36.122Z][INFO] Command-line: 'C:\\Program Files\\Unity\\Hub\\Editor\\6000.5.5f1\\Editor\\Data\\Resources\\PackageManager\\Server\\UnityPackageManager.exe' server -s 24008 --ipc-path Unity-Upm-24008 -l 2 --log-file C:\\Users\\20231170150044\\dialogue4v2026/Logs/upm.log
[2026-08-31T16:30:36.167Z][INFO] IPC server started (IPC path=Unity-Upm-24008).
[2026-08-31T16:30:36.167Z][INFO] Hint: To connect to this UPM instance, launch Unity with the command-line parameter -upmIpcPath Upm-24008.
[2026-08-31T16:30:44.585Z][INFO] project:list-packages <-- Request received
params: {}
[2026-08-31T16:30:44.588Z][INFO] project:list-packages --> 404 (3 ms)
[2026-08-31T16:30:44.599Z][INFO] project:list-packages <-- Request received
params: {}
[2026-08-31T16:30:44.602Z][INFO] project:list-packages --> 404 (3 ms)
[2026-08-31T16:30:44.783Z][INFO] config:project:get-registries <-- Request received
params: {}
[2026-08-31T16:30:44.783Z][INFO] config:project:get-registries --> 404 (1 ms)
[2026-08-31T16:30:44.796Z][INFO] project:list-packages <-- Request received
params: {}
[2026-08-31T16:30:44.797Z][INFO] project:list-packages --> 404 (1 ms)
[2026-08-31T16:30:44.854Z][INFO] project:update-dependencies <-- Request received
params: {}
[2026-08-31T16:30:44.876Z][INFO] project:update-dependencies --> 200 (22 ms)
[2026-08-31T16:30:44.905Z][INFO] project:resolve-packages <-- Request received
params: {}
[2026-08-31T16:30:45.351Z][INFO] Downloading package [com.unity.package-manager.metadata-6000.5@0.0.93] from registry 'https://packages.unity.com'
[2026-08-31T16:30:45.891Z][INFO] Finished downloading package [com.unity.package-manager.metadata-6000.5@0.0.93] from registry 'https://packages.unity.com' (size: 11.4 kB, time: 540ms)
[2026-08-31T16:30:46.313Z][INFO] project:resolve-packages --> 200 (1408 ms)
[2026-08-31T16:30:54.296Z][INFO] project:list-packages <-- Request received
params: {}
[2026-08-31T16:30:54.306Z][INFO] project:list-packages <-- Request received
params: {}
[2026-08-31T16:30:54.355Z][INFO] config:project:get-registries <-- Request received
params: {}
[2026-08-31T16:30:54.359Z][INFO] config:project:get-registries --> 200 (4 ms)
[2026-08-31T16:30:54.359Z][INFO] project:list-packages --> 200 (63 ms)
[2026-08-31T16:30:54.359Z][INFO] project:list-packages --> 200 (53 ms)
[2026-08-31T16:30:55.986Z][INFO] project:list-packages <-- Request received
params: {}
[2026-08-31T16:30:56.021Z][INFO] project:list-packages --> 200 (35 ms)
[2026-08-31T16:30:57.458Z][INFO] project:list-packages <-- Request received
params: {}
[2026-08-31T16:30:57.491Z][INFO] project:list-packages --> 200 (33 ms)
[2026-08-31T16:30:57.543Z][INFO] packages:get-all-packageinfo <-- Request received
params: {}
[2026-08-31T16:30:57.557Z][INFO] packages:get-all-packageinfo <-- Request received
params: {}
[2026-08-31T16:30:58.884Z][INFO] project:list-packages <-- Request received
params: {}
[2026-08-31T16:30:59.241Z][INFO] project:list-packages --> 200 (357 ms)
[2026-08-31T16:31:05.438Z][INFO] packages:get-all-packageinfo --> 200 (7880 ms)
[2026-08-31T16:31:05.811Z][INFO] packages:get-all-packageinfo --> 200 (8268 ms)
[2026-08-31T16:31:05.917Z][INFO] packages:get-packageinfo <-- Request received
params: {
  "packageId": "com.unity.addressables@2.9.1"
}
[2026-08-31T16:31:05.931Z][INFO] packages:get-packageinfo <-- Request received
params: {
  "packageId": "com.unity.ads.ios-support@1.0.1"
}
[2026-08-31T16:31:05.944Z][INFO] packages:get-packageinfo --> 200 (27 ms)
[2026-08-31T16:31:05.945Z][INFO] packages:get-packageinfo <-- Request received
params: {
  "packageId": "com.unity.inputsystem@1.19.0"
}
[2026-08-31T16:31:05.953Z][INFO] packages:get-packageinfo --> 200 (22 ms)
[2026-08-31T16:31:05.960Z][INFO] packages:get-packageinfo <-- Request received
params: {
  "packageId": "com.unity.learn.iet-framework@5.0.4"
}
[2026-08-31T16:31:05.968Z][INFO] packages:get-packageinfo --> 200 (23 ms)
[2026-08-31T16:31:05.969Z][INFO] packages:get-packageinfo <-- Request received
params: {
  "packageId": "com.unity.learn.iet-framework.authoring@1.5.4"
}
[2026-08-31T16:31:05.984Z][INFO] packages:get-packageinfo <-- Request received
params: {
  "packageId": "com.unity.microsoft.gdk@1.6.0"
}
[2026-08-31T16:31:05.994Z][INFO] packages:get-packageinfo --> 200 (34 ms)
[2026-08-31T16:31:05.996Z][INFO] packages:get-packageinfo --> 200 (27 ms)
[2026-08-31T16:31:05.998Z][INFO] packages:get-packageinfo --> 200 (14 ms)
[2026-08-31T16:31:05.999Z][INFO] packages:get-packageinfo <-- Request received
params: {
  "packageId": "com.unity.microsoft.gdk.tools@1.6.0"
}
[2026-08-31T16:31:06.009Z][INFO] packages:get-packageinfo --> 200 (10 ms)
[2026-08-31T16:31:06.013Z][INFO] packages:get-packageinfo <-- Request received
params: {
  "packageId": "com.unity.polyspatial.extensions@3.1.5"
}
[2026-08-31T16:31:06.024Z][INFO] packages:get-packageinfo --> 200 (11 ms)
[2026-08-31T16:31:06.027Z][INFO] packages:get-packageinfo <-- Request received
params: {
  "packageId": "com.unity.polyspatial.visionos@3.1.5"
}
[2026-08-31T16:31:06.039Z][INFO] packages:get-packageinfo --> 200 (12 ms)
[2026-08-31T16:31:06.041Z][INFO] packages:get-packageinfo <-- Request received
params: {
  "packageId": "com.unity.project-auditor-rules@1.0.3"
}
[2026-08-31T16:31:06.052Z][INFO] packages:get-packageinfo --> 200 (11 ms)
[2026-08-31T16:31:06.056Z][INFO] packages:get-packageinfo <-- Request received
params: {
  "packageId": "com.unity.scriptablebuildpipeline@2.6.2"
}
[2026-08-31T16:31:06.068Z][INFO] packages:get-packageinfo --> 200 (12 ms)
[2026-08-31T16:31:06.070Z][INFO] packages:get-packageinfo <-- Request received
params: {
  "packageId": "com.unity.xr.androidxr-openxr@1.3.2"
}
[2026-08-31T16:31:06.081Z][INFO] packages:get-packageinfo --> 200 (11 ms)
[2026-08-31T16:31:06.084Z][INFO] packages:get-packageinfo <-- Request received
params: {
  "packageId": "com.unity.xr.arcore@6.5.0"
}
[2026-08-31T16:31:06.100Z][INFO] packages:get-packageinfo --> 200 (16 ms)
[2026-08-31T16:31:06.100Z][INFO] packages:get-packageinfo <-- Request received
params: {
  "packageId": "com.unity.xr.arfoundation@6.5.0"
}
[2026-08-31T16:31:06.114Z][INFO] packages:get-packageinfo <-- Request received
params: {
  "packageId": "com.unity.xr.arkit@6.5.0"
}
[2026-08-31T16:31:06.125Z][INFO] packages:get-packageinfo --> 200 (25 ms)
[2026-08-31T16:31:06.127Z][INFO] packages:get-packageinfo <-- Request received
params: {
  "packageId": "com.unity.xr.hands@1.8.1"
}
[2026-08-31T16:31:06.141Z][INFO] packages:get-packageinfo --> 200 (27 ms)
[2026-08-31T16:31:06.141Z][INFO] packages:get-packageinfo <-- Request received
params: {
  "packageId": "com.unity.xr.interaction.toolkit@3.5.1"
}
[2026-08-31T16:31:06.148Z][INFO] packages:get-packageinfo --> 200 (21 ms)
[2026-08-31T16:31:06.155Z][INFO] packages:get-packageinfo <-- Request received
params: {
  "packageId": "com.unity.xr.management@4.5.4"
}
[2026-08-31T16:31:06.163Z][INFO] packages:get-packageinfo --> 200 (22 ms)
[2026-08-31T16:31:06.169Z][INFO] packages:get-packageinfo --> 200 (14 ms)
[2026-08-31T16:31:06.170Z][INFO] packages:get-packageinfo <-- Request received
params: {
  "packageId": "com.unity.xr.meta-openxr@2.5.1"
}
[2026-08-31T16:31:06.180Z][INFO] packages:get-packageinfo --> 200 (10 ms)
[2026-08-31T16:31:06.186Z][INFO] packages:get-packageinfo <-- Request received
params: {
  "packageId": "com.unity.xr.openxr@1.17.1"
}
[2026-08-31T16:31:06.199Z][INFO] packages:get-packageinfo --> 200 (13 ms)
[2026-08-31T16:31:06.199Z][INFO] packages:get-packageinfo <-- Request received
params: {
  "packageId": "com.unity.xr.visionos@3.1.5"
}
[2026-08-31T16:31:06.209Z][INFO] packages:get-packageinfo --> 200 (10 ms)
[2026-08-31T16:31:06.213Z][INFO] packages:get-packageinfo <-- Request received
params: {
  "packageId": "com.unity.services.friends@1.1.1"
}
[2026-08-31T16:31:06.222Z][INFO] packages:get-packageinfo --> 200 (9 ms)
[2026-08-31T16:31:06.227Z][INFO] packages:get-packageinfo <-- Request received
params: {
  "packageId": "com.unity.services.moderation@1.0.2"
}
[2026-08-31T16:31:06.236Z][INFO] packages:get-packageinfo --> 200 (9 ms)
[2026-08-31T16:31:06.241Z][INFO] packages:get-packageinfo <-- Request received
params: {
  "packageId": "com.unity.services.multiplayer@2.2.4"
}
[2026-08-31T16:31:06.251Z][INFO] packages:get-packageinfo --> 200 (10 ms)
